// Jest Snapshot v1, https://goo.gl/fbAQLP

exports[`HomeContainer renders correctly 1`] = `ShallowWrapper {}`;
