// Jest Snapshot v1, https://goo.gl/fbAQLP

exports[`ArrowButton renders correctly 1`] = `ShallowWrapper {}`;
